Sahans-MacBook-Pro:cohort-5 sahanyugantha$ git status
On branch master

No commits yet

Untracked files:
  (use "git add <file>..." to include in what will be committed)
        404.html
        about.html
        index.html

nothing added to commit but untracked files present (use "git add" to track)
Sahans-MacBook-Pro:cohort-5 sahanyugantha$ git add .
Sahans-MacBook-Pro:cohort-5 sahanyugantha$ git add .
Sahans-MacBook-Pro:cohort-5 sahanyugantha$ git status
On branch master

No commits yet
Sahans-MacBook-Pro:cohort-5 sahanyugantha$ git log --oneline
ef41ebf (HEAD -> master) first commit
Sahans-MacBook-Pro:cohort-5 sahanyugantha$ git add .
Sahans-MacBook-Pro:cohort-5 sahanyugantha$ git commit -m "index file updated"
[master ea197a1] index file updated
 1 file changed, 1 insertion(+)
Sahans-MacBook-Pro:cohort-5 sahanyugantha$ git log --oneline
ea197a1 (HEAD -> master) index file updated
ef41ebf first commit
Sahans-MacBook-Pro:cohort-5 sahanyugantha$ git branch development
Sahans-MacBook-Pro:cohort-5 sahanyugantha$ git branch
  development
* master
Sahans-MacBook-Pro:cohort-5 sahanyugantha$ git branch test
Sahans-MacBook-Pro:cohort-5 sahanyugantha$ git branch
  development
* master
  test
Sahans-MacBook-Pro:cohort-5 sahanyugantha$ git checkout test
Switched to branch 'test'
Sahans-MacBook-Pro:cohort-5 sahanyugantha$ git branch
  development
  master
* test
Sahans-MacBook-Pro:cohort-5 sahanyugantha$ git add .
Sahans-MacBook-Pro:cohort-5 sahanyugantha$ git commit -m "commit from the test branch"
[test 6ca33e6] commit from the test branch
 2 files changed, 3 insertions(+)
 create mode 100644 Readme.md
Sahans-MacBook-Pro:cohort-5 sahanyugantha$ git checkout master
Sahans-MacBook-Pro:cohort-5 sahanyugantha$ git add .
Sahans-MacBook-Pro:cohort-5 sahanyugantha$ git commit -m "gallery has been added"
[master fe2e65d] gallery has been added
 2 files changed, 3 insertions(+)
 create mode 100644 gallery.html
Sahans-MacBook-Pro:cohort-5 sahanyugantha$ git log --oneline
fe2e65d (HEAD -> master) gallery has been added
6ca33e6 (test) commit from the test branch
ea197a1 (development) index file updated
ef41ebf first commit
Sahans-MacBook-Pro:cohort-5 sahanyugantha$ git checkout 6ca33e6
Note: switching to '6ca33e6'.

You are in 'detached HEAD' state. You can look around, make experimental
changes and commit them, and you can discard any commits you make in this
state without impacting any branches by switching back to a branch.

If you want to create a new branch to retain commits you create, you may
do so (now or later) by using -c with the switch command. Example:

  git switch -c <new-branch-name>

Or undo this operation with:

  git switch -

Turn off this advice by setting config variable advice.detachedHead to false

HEAD is now at 6ca33e6 commit from the test branch
Sahans-MacBook-Pro:cohort-5 sahanyugantha$ git branch temp
Sahans-MacBook-Pro:cohort-5 sahanyugantha$ git checkout temp
Switched to branch 'temp'
Sahans-MacBook-Pro:cohort-5 sahanyugantha$ git add .
Sahans-MacBook-Pro:cohort-5 sahanyugantha$ git commit -m "commit from temp branch"
[temp 320c171] commit from temp branch
 1 file changed, 4 insertions(+)
Sahans-MacBook-Pro:cohort-5 sahanyugantha$ git checkout master
Switched to branch 'master'
Sahans-MacBook-Pro:cohort-5 sahanyugantha$ git merge temp
Auto-merging index.html
CONFLICT (content): Merge conflict in index.html
Automatic merge failed; fix conflicts and then commit the result.
Sahans-MacBook-Pro:cohort-5 sahanyugantha$ git status
On branch master
You have unmerged paths.
  (fix conflicts and run "git commit")
  (use "git merge --abort" to abort the merge)

Unmerged paths:
  (use "git add <file>..." to mark resolution)
        both modified:   index.html

no changes added to commit (use "git add" and/or "git commit -a")
Sahans-MacBook-Pro:cohort-5 sahanyugantha$ git add .
Sahans-MacBook-Pro:cohort-5 sahanyugantha$ git commit -m "some update.."
[master d4dba2b] some update..
Sahans-MacBook-Pro:cohort-5 sahanyugantha$ git log --oneline
d4dba2b (HEAD -> master) some update..
320c171 (temp) commit from temp branch
fe2e65d gallery has been added
6ca33e6 (test) commit from the test branch
ea197a1 (development) index file updated
ef41ebf first commit
Sahans-MacBook-Pro:cohort-5 sahanyugantha$ git branch -d temp
Deleted branch temp (was 320c171).
Sahans-MacBook-Pro:cohort-5 sahanyugantha$ git branch -M main
Sahans-MacBook-Pro:cohort-5 sahanyugantha$ git branch
  development
* main
  test
Sahans-MacBook-Pro:cohort-5 sahanyugantha$ git status
On branch main
nothing to commit, working tree clean
Sahans-MacBook-Pro:cohort-5 sahanyugantha$ git remote add origin https://github.com/sahanyugantha/cohort-5-test.git
Sahans-MacBook-Pro:cohort-5 sahanyugantha$ git push origin main
Enumerating objects: 22, done.
Counting objects: 100% (22/22), done.
Delta compression using up to 8 threads
Compressing objects: 100% (20/20), done.
Writing objects: 100% (22/22), 2.52 KiB | 644.00 KiB/s, done.
Total 22 (delta 12), reused 0 (delta 0), pack-reused 0
remote: Resolving deltas: 100% (12/12), done.
To https://github.com/sahanyugantha/cohort-5-test.git
 * [new branch]      main -> main
Sahans-MacBook-Pro:cohort-5 sahanyugantha$ 